******************************************************************************
                  TI ARM Linker PC v20.2.5                     
******************************************************************************
>> Linked Wed Nov 23 14:48:47 2022

OUTPUT FILE NAME:   <part1_group13.out>
ENTRY POINT SYMBOL: "_c_int00_noargs"  address: 000010e5


MEMORY CONFIGURATION

         name            origin    length      used     unused   attr    fill
----------------------  --------  ---------  --------  --------  ----  --------
  MAIN                  00000000   00040000  000011b4  0003ee4c  R  X
  INFO                  00200000   00004000  00000000  00004000  R  X
  SRAM_CODE             01000000   00010000  00000221  0000fddf  RW X
  SRAM_DATA             20000000   00010000  00000221  0000fddf  RW  


SEGMENT ALLOCATION MAP

run origin  load origin   length   init length attrs members
----------  ----------- ---------- ----------- ----- -------
00000000    00000000    000011b8   000011b8    r-x
  00000000    00000000    000000e4   000000e4    r-- .intvecs
  000000e4    000000e4    00001098   00001098    r-x .text
  00001180    00001180    00000038   00000038    r-- .cinit
20000000    20000000    00000021   00000000    rw-
  20000000    20000000    0000001c   00000000    rw- .data
  2000001c    2000001c    00000005   00000000    rw- .bss
2000fe00    2000fe00    00000200   00000000    rw-
  2000fe00    2000fe00    00000200   00000000    rw- .stack


SECTION ALLOCATION MAP

 output                                  attributes/
section   page    origin      length       input sections
--------  ----  ----------  ----------   ----------------
.intvecs   0    00000000    000000e4     
                  00000000    000000e4     startup_msp432p401r_ccs.obj (.intvecs:retain)

.text      0    000000e4    00001098     
                  000000e4    000006c4     Part1_Interrupt_bumsw_motor.obj (.text)
                  000007a8    00000334     system_msp432p401r.obj (.text)
                  00000adc    00000224     motor.obj (.text)
                  00000d00    000001e0     Clock.obj (.text)
                  00000ee0    000000bc     SysTick.obj (.text)
                  00000f9c    0000009c     rtsv7M4_T_le_v4SPD16_eabi.lib : memcpy_t2.asm.obj (.text)
                  00001038    00000068                                   : copy_decompress_lzss.c.obj (.text:decompress:lzss:__TI_decompress_lzss)
                  000010a0    00000044                                   : autoinit.c.obj (.text:__TI_auto_init_nobinit_nopinit:__TI_auto_init_nobinit_nopinit)
                  000010e4    00000034                                   : boot_cortex_m.c.obj (.text:_c_int00_noargs:_c_int00_noargs)
                  00001118    00000024     CortexM.obj (.text)
                  0000113c    0000001c     rtsv7M4_T_le_v4SPD16_eabi.lib : copy_zero_init.c.obj (.text:decompress:ZI:__TI_zero_init_nomemset:__TI_zero_init_nomemset)
                  00001158    0000000e                                   : copy_decompress_none.c.obj (.text:decompress:none:__TI_decompress_none)
                  00001166    0000000e     startup_msp432p401r_ccs.obj (.text)
                  00001174    00000004     rtsv7M4_T_le_v4SPD16_eabi.lib : pre_init.c.obj (.text:_system_pre_init)
                  00001178    00000004                                   : exit.c.obj (.text:abort:abort)

.cinit     0    00001180    00000038     
                  00001180    0000000d     (.cinit..data.load) [load image, compression = lzss]
                  0000118d    00000003     --HOLE-- [fill = 0]
                  00001190    0000000c     (__TI_handler_table)
                  0000119c    00000004     --HOLE-- [fill = 0]
                  000011a0    00000008     (.cinit..bss.load) [load image, compression = zero_init]
                  000011a8    00000010     (__TI_cinit_table)

.init_array 
*          0    00000000    00000000     UNINITIALIZED

.binit     0    00000000    00000000     

.data      0    20000000    0000001c     UNINITIALIZED
                  20000000    00000018     Clock.obj (.data)
                  20000018    00000004     system_msp432p401r.obj (.data)

.bss       0    2000001c    00000005     UNINITIALIZED
                  2000001c    00000004     (.common:mode)
                  20000020    00000001     (.common:status)

.stack     0    2000fe00    00000200     UNINITIALIZED
                  2000fe00    00000004     rtsv7M4_T_le_v4SPD16_eabi.lib : boot_cortex_m.c.obj (.stack)
                  2000fe04    000001fc     --HOLE--

__llvm_prf_cnts 
*          0    20000000    00000000     UNINITIALIZED

MODULE SUMMARY

       Module                            code   ro data   rw data
       ------                            ----   -------   -------
    .\
       Part1_Interrupt_bumsw_motor.obj   1732   0         10     
       system_msp432p401r.obj            820    0         8      
       startup_msp432p401r_ccs.obj       14     228       0      
    +--+---------------------------------+------+---------+---------+
       Total:                            2566   228       18     
                                                                 
    .\inc\
       motor.obj                         548    0         0      
       Clock.obj                         480    0         48     
       SysTick.obj                       188    0         0      
       CortexM.obj                       36     0         0      
    +--+---------------------------------+------+---------+---------+
       Total:                            1252   0         48     
                                                                 
    C:\TI\ccs\tools\compiler\ti-cgt-arm_20.2.5.LTS\lib\rtsv7M4_T_le_v4SPD16_eabi.lib
       memcpy_t2.asm.obj                 156    0         0      
       copy_decompress_lzss.c.obj        104    0         0      
       autoinit.c.obj                    68     0         0      
       boot_cortex_m.c.obj               52     0         0      
       copy_zero_init.c.obj              28     0         0      
       copy_decompress_none.c.obj        14     0         0      
       exit.c.obj                        4      0         0      
       pre_init.c.obj                    4      0         0      
    +--+---------------------------------+------+---------+---------+
       Total:                            430    0         0      
                                                                 
       Stack:                            0      0         1024   
       Linker Generated:                 0      49        0      
    +--+---------------------------------+------+---------+---------+
       Grand Total:                      4248   277       1090   


LINKER GENERATED COPY TABLES

__TI_cinit_table @ 000011a8 records: 2, size/record: 8, table size: 16
	.data: load addr=00001180, load size=0000000d bytes, run addr=20000000, run size=0000001c bytes, compression=lzss
	.bss: load addr=000011a0, load size=00000008 bytes, run addr=2000001c, run size=00000005 bytes, compression=zero_init


LINKER GENERATED HANDLER TABLE

__TI_handler_table @ 00001190 records: 3, size/record: 4, table size: 12
	index: 0, handler: __TI_decompress_lzss
	index: 1, handler: __TI_decompress_none
	index: 2, handler: __TI_zero_init


GLOBAL SYMBOLS: SORTED ALPHABETICALLY BY Name 

address   name                          
-------   ----                          
00001173  ADC14_IRQHandler              
00001173  AES256_IRQHandler             
000000e5  BumpEdgeTrigger_Init          
000002e9  Bump_Read_Input               
00001173  BusFault_Handler              
00001179  C$$EXIT                       
00001173  COMP_E0_IRQHandler            
00001173  COMP_E1_IRQHandler            
20000008  CPMwait                       
00001173  CS_IRQHandler                 
20000000  ClockFrequency                
00000e55  Clock_Delay1ms                
00000e2b  Clock_Delay1us                
00000e17  Clock_GetFreq                 
00000d01  Clock_Init48MHz               
20000014  Crystalstable                 
00001173  DMA_ERR_IRQHandler            
00001173  DMA_INT0_IRQHandler           
00001173  DMA_INT1_IRQHandler           
00001173  DMA_INT2_IRQHandler           
00001173  DMA_INT3_IRQHandler           
00001173  DebugMon_Handler              
00001173  Default_Handler               
00001119  DisableInterrupts             
00001173  EUSCIA0_IRQHandler            
00001173  EUSCIA1_IRQHandler            
00001173  EUSCIA2_IRQHandler            
00001173  EUSCIA3_IRQHandler            
00001173  EUSCIB0_IRQHandler            
00001173  EUSCIB1_IRQHandler            
00001173  EUSCIB2_IRQHandler            
00001173  EUSCIB3_IRQHandler            
0000111f  EnableInterrupts              
0000112f  EndCritical                   
00001173  FLCTL_IRQHandler              
00001173  FPU_IRQHandler                
00001173  HardFault_Handler             
20000010  IFlags                        
00001173  MemManage_Handler             
00000b8b  Motor_BackwardSimple          
00000b23  Motor_ForwardSimple           
00000add  Motor_InitSimple              
00000bff  Motor_LeftSimple              
00000c73  Motor_RightSimple             
00000b03  Motor_StopSimple              
00001173  NMI_Handler                   
00001173  PCM_IRQHandler                
00001173  PORT1_IRQHandler              
00001173  PORT2_IRQHandler              
00001173  PORT3_IRQHandler              
0000014d  PORT4_IRQHandler              
0000014d  PORT4_IRQHandler              
00001173  PORT5_IRQHandler              
00001173  PORT6_IRQHandler              
00001173  PSS_IRQHandler                
00001173  PendSV_Handler                
0000056b  Port1_Init                    
0000058b  Port2_Init                    
000005c9  Port2_Output                  
2000000c  Postwait                      
20000004  Prewait                       
00001173  RTC_C_IRQHandler              
00001167  Reset_Handler                 
00001173  SVC_Handler                   
00001125  StartCritical                 
000005e7  Switch_Init                   
00001173  SysTick_Handler               
00000ee1  SysTick_Init                  
00000ef1  SysTick_Wait                  
00000f17  SysTick_Wait10ms              
00000f3f  SysTick_Wait1ms               
00000f65  SysTick_Wait1us               
20000018  SystemCoreClock               
000007a9  SystemCoreClockUpdate         
00000a21  SystemInit                    
00001173  T32_INT1_IRQHandler           
00001173  T32_INT2_IRQHandler           
00001173  T32_INTC_IRQHandler           
00001173  TA0_0_IRQHandler              
00001173  TA0_N_IRQHandler              
00001173  TA1_0_IRQHandler              
00001173  TA1_N_IRQHandler              
00001173  TA2_0_IRQHandler              
00001173  TA2_N_IRQHandler              
00001173  TA3_0_IRQHandler              
00001173  TA3_N_IRQHandler              
00001173  UsageFault_Handler            
4000480c  WDTCTL_SYM                    
00001173  WDT_A_IRQHandler              
00001137  WaitForInterrupt              
20010000  __STACK_END                   
00000200  __STACK_SIZE                  
000011a8  __TI_CINIT_Base               
000011b8  __TI_CINIT_Limit              
00001190  __TI_Handler_Table_Base       
0000119c  __TI_Handler_Table_Limit      
000010a1  __TI_auto_init_nobinit_nopinit
00001039  __TI_decompress_lzss          
00001159  __TI_decompress_none          
ffffffff  __TI_pprof_out_hndl           
ffffffff  __TI_prof_data_size           
ffffffff  __TI_prof_data_start          
00000000  __TI_static_base__            
0000113d  __TI_zero_init_nomemset       
00000f9d  __aeabi_memcpy                
00000f9d  __aeabi_memcpy4               
00000f9d  __aeabi_memcpy8               
ffffffff  __binit__                     
ffffffff  __c_args__                    
UNDEFED   __mpu_init                    
2000fe00  __stack                       
20000000  __start___llvm_prf_cnts       
20000000  __stop___llvm_prf_cnts        
000010e5  _c_int00_noargs               
UNDEFED   _system_post_cinit            
00001175  _system_pre_init              
00001179  abort                         
ffffffff  binit                         
00000321  checkbumpswitch               
00000e1d  delay                         
00000000  interruptVectors              
00000701  main                          
00000f9d  memcpy                        
2000001c  mode                          
000006a3  mode_selection                
00000621  polling                       
20000020  status                        


GLOBAL SYMBOLS: SORTED BY Symbol Address 

address   name                          
-------   ----                          
00000000  __TI_static_base__            
00000000  interruptVectors              
000000e5  BumpEdgeTrigger_Init          
0000014d  PORT4_IRQHandler              
0000014d  PORT4_IRQHandler              
00000200  __STACK_SIZE                  
000002e9  Bump_Read_Input               
00000321  checkbumpswitch               
0000056b  Port1_Init                    
0000058b  Port2_Init                    
000005c9  Port2_Output                  
000005e7  Switch_Init                   
00000621  polling                       
000006a3  mode_selection                
00000701  main                          
000007a9  SystemCoreClockUpdate         
00000a21  SystemInit                    
00000add  Motor_InitSimple              
00000b03  Motor_StopSimple              
00000b23  Motor_ForwardSimple           
00000b8b  Motor_BackwardSimple          
00000bff  Motor_LeftSimple              
00000c73  Motor_RightSimple             
00000d01  Clock_Init48MHz               
00000e17  Clock_GetFreq                 
00000e1d  delay                         
00000e2b  Clock_Delay1us                
00000e55  Clock_Delay1ms                
00000ee1  SysTick_Init                  
00000ef1  SysTick_Wait                  
00000f17  SysTick_Wait10ms              
00000f3f  SysTick_Wait1ms               
00000f65  SysTick_Wait1us               
00000f9d  __aeabi_memcpy                
00000f9d  __aeabi_memcpy4               
00000f9d  __aeabi_memcpy8               
00000f9d  memcpy                        
00001039  __TI_decompress_lzss          
000010a1  __TI_auto_init_nobinit_nopinit
000010e5  _c_int00_noargs               
00001119  DisableInterrupts             
0000111f  EnableInterrupts              
00001125  StartCritical                 
0000112f  EndCritical                   
00001137  WaitForInterrupt              
0000113d  __TI_zero_init_nomemset       
00001159  __TI_decompress_none          
00001167  Reset_Handler                 
00001173  ADC14_IRQHandler              
00001173  AES256_IRQHandler             
00001173  BusFault_Handler              
00001173  COMP_E0_IRQHandler            
00001173  COMP_E1_IRQHandler            
00001173  CS_IRQHandler                 
00001173  DMA_ERR_IRQHandler            
00001173  DMA_INT0_IRQHandler           
00001173  DMA_INT1_IRQHandler           
00001173  DMA_INT2_IRQHandler           
00001173  DMA_INT3_IRQHandler           
00001173  DebugMon_Handler              
00001173  Default_Handler               
00001173  EUSCIA0_IRQHandler            
00001173  EUSCIA1_IRQHandler            
00001173  EUSCIA2_IRQHandler            
00001173  EUSCIA3_IRQHandler            
00001173  EUSCIB0_IRQHandler            
00001173  EUSCIB1_IRQHandler            
00001173  EUSCIB2_IRQHandler            
00001173  EUSCIB3_IRQHandler            
00001173  FLCTL_IRQHandler              
00001173  FPU_IRQHandler                
00001173  HardFault_Handler             
00001173  MemManage_Handler             
00001173  NMI_Handler                   
00001173  PCM_IRQHandler                
00001173  PORT1_IRQHandler              
00001173  PORT2_IRQHandler              
00001173  PORT3_IRQHandler              
00001173  PORT5_IRQHandler              
00001173  PORT6_IRQHandler              
00001173  PSS_IRQHandler                
00001173  PendSV_Handler                
00001173  RTC_C_IRQHandler              
00001173  SVC_Handler                   
00001173  SysTick_Handler               
00001173  T32_INT1_IRQHandler           
00001173  T32_INT2_IRQHandler           
00001173  T32_INTC_IRQHandler           
00001173  TA0_0_IRQHandler              
00001173  TA0_N_IRQHandler              
00001173  TA1_0_IRQHandler              
00001173  TA1_N_IRQHandler              
00001173  TA2_0_IRQHandler              
00001173  TA2_N_IRQHandler              
00001173  TA3_0_IRQHandler              
00001173  TA3_N_IRQHandler              
00001173  UsageFault_Handler            
00001173  WDT_A_IRQHandler              
00001175  _system_pre_init              
00001179  C$$EXIT                       
00001179  abort                         
00001190  __TI_Handler_Table_Base       
0000119c  __TI_Handler_Table_Limit      
000011a8  __TI_CINIT_Base               
000011b8  __TI_CINIT_Limit              
20000000  ClockFrequency                
20000000  __start___llvm_prf_cnts       
20000000  __stop___llvm_prf_cnts        
20000004  Prewait                       
20000008  CPMwait                       
2000000c  Postwait                      
20000010  IFlags                        
20000014  Crystalstable                 
20000018  SystemCoreClock               
2000001c  mode                          
20000020  status                        
2000fe00  __stack                       
20010000  __STACK_END                   
4000480c  WDTCTL_SYM                    
ffffffff  __TI_pprof_out_hndl           
ffffffff  __TI_prof_data_size           
ffffffff  __TI_prof_data_start          
ffffffff  __binit__                     
ffffffff  __c_args__                    
ffffffff  binit                         
UNDEFED   __mpu_init                    
UNDEFED   _system_post_cinit            

[127 symbols]
