******************************************************************************
                  TI ARM Linker PC v20.2.5                     
******************************************************************************
>> Linked Tue Nov 22 14:24:56 2022

OUTPUT FILE NAME:   <part1_group13.out>
ENTRY POINT SYMBOL: "_c_int00_noargs"  address: 000036d1


MEMORY CONFIGURATION

         name            origin    length      used     unused   attr    fill
----------------------  --------  ---------  --------  --------  ----  --------
  MAIN                  00000000   00040000  00003af9  0003c507  R  X
  INFO                  00200000   00004000  00000000  00004000  R  X
  SRAM_CODE             01000000   00010000  000009d0  0000f630  RW X
  SRAM_DATA             20000000   00010000  000009d0  0000f630  RW  


SEGMENT ALLOCATION MAP

run origin  load origin   length   init length attrs members
----------  ----------- ---------- ----------- ----- -------
00000000    00000000    00003b00   00003b00    r-x
  00000000    00000000    000000e4   000000e4    r-- .intvecs
  000000e4    000000e4    0000387c   0000387c    r-x .text
  00003960    00003960    00000101   00000101    r-- .const
  00003a68    00003a68    00000098   00000098    r-- .cinit
20000000    20000000    000007d0   00000000    rw-
  20000000    20000000    00000400   00000000    rw- .sysmem
  20000400    20000400    00000204   00000000    rw- .data
  20000604    20000604    000001cc   00000000    rw- .bss
2000fe00    2000fe00    00000200   00000000    rw-
  2000fe00    2000fe00    00000200   00000000    rw- .stack


SECTION ALLOCATION MAP

 output                                  attributes/
section   page    origin      length       input sections
--------  ----  ----------  ----------   ----------------
.intvecs   0    00000000    000000e4     
                  00000000    000000e4     startup_msp432p401r_ccs.obj (.intvecs:retain)

.text      0    000000e4    0000387c     
                  000000e4    00000a4e     rtsv7M4_T_le_v4SPD16_eabi.lib : _printfi.c.obj (.text:__TI_printfi)
                  00000b32    00000002                                   : _lock.c.obj (.text:_nop)
                  00000b34    00000664     Part1_Interrupt_bumsw_motor.obj (.text)
                  00001198    00000334     system_msp432p401r.obj (.text)
                  000014cc    00000270     rtsv7M4_T_le_v4SPD16_eabi.lib : _printfi.c.obj (.text:_pconv_a)
                  0000173c    00000224     motor.obj (.text)
                  00001960    000001e0     Clock.obj (.text)
                  00001b40    000001d0     rtsv7M4_T_le_v4SPD16_eabi.lib : _printfi.c.obj (.text:_pconv_g)
                  00001d10    000001b6                                   : fd_add_t2.asm.obj (.text)
                  00001ec6    00000002                                   : div0.asm.obj (.text)
                  00001ec8    0000013c                                   : _printfi.c.obj (.text:_pconv_e)
                  00002004    00000136                                   : fd_div_t2.asm.obj (.text)
                  0000213a    00000002     --HOLE-- [fill = 0]
                  0000213c    00000124                                   : _printfi.c.obj (.text:fcvt)
                  00002260    00000114                                   : fputs.c.obj (.text:fputs)
                  00002374    00000110                                   : s_scalbn.c.obj (.text:scalbn)
                  00002484    00000100                                   : memory.c.obj (.text:aligned_alloc)
                  00002584    000000fc                                   : fd_mul_t2.asm.obj (.text)
                  00002680    000000e4                                   : memory.c.obj (.text:free)
                  00002764    000000dc                                   : setvbuf.c.obj (.text:setvbuf)
                  00002840    000000bc     SysTick.obj (.text)
                  000028fc    000000b1     rtsv7M4_T_le_v4SPD16_eabi.lib : _printfi.c.obj (.text:_ltostr)
                  000029ad    00000001     --HOLE-- [fill = 0]
                  000029ae    0000009c                                   : memcpy_t2.asm.obj (.text)
                  00002a4a    00000096                                   : ull_div_t2.asm.obj (.text)
                  00002ae0    0000008c                                   : fputc.c.obj (.text:fputc)
                  00002b6c    00000086                                   : fd_cmp_t2.asm.obj (.text:__aeabi_cdcmple)
                  00002bf2    00000086                                   : fd_cmp_t2.asm.obj (.text:__aeabi_cdrcmple)
                  00002c78    0000007a                                   : memset_t2.asm.obj (.text)
                  00002cf2    00000002     --HOLE-- [fill = 0]
                  00002cf4    00000074                                   : fclose.c.obj (.text:__TI_closefile)
                  00002d68    00000070                                   : memory.c.obj (.text:split)
                  00002dd8    0000006e                                   : _printfi.c.obj (.text:_mcpy)
                  00002e46    00000002     --HOLE-- [fill = 0]
                  00002e48    0000006c                                   : hostrename.c.obj (.text:HOSTrename)
                  00002eb4    00000068                                   : hostlseek.c.obj (.text:HOSTlseek)
                  00002f1c    00000068                                   : copy_decompress_lzss.c.obj (.text:decompress:lzss:__TI_decompress_lzss)
                  00002f84    00000068                                   : printf.c.obj (.text:printf)
                  00002fec    00000064                                   : s_frexp.c.obj (.text:frexp)
                  00003050    00000064                                   : fseek.c.obj (.text:fseek)
                  000030b4    00000062                                   : _io_perm.c.obj (.text:__TI_wrt_ok)
                  00003116    00000002     --HOLE-- [fill = 0]
                  00003118    00000060                                   : hostopen.c.obj (.text:HOSTopen)
                  00003178    0000005c                                   : close.c.obj (.text:close)
                  000031d4    00000058                                   : hostread.c.obj (.text:HOSTread)
                  0000322c    00000058                                   : hostwrite.c.obj (.text:HOSTwrite)
                  00003284    00000056                                   : _printfi.c.obj (.text:_pconv_f)
                  000032da    00000054                                   : _ltoa.c.obj (.text:__TI_ltoa)
                  0000332e    00000052                                   : _printfi.c.obj (.text:_ecpy)
                  00003380    0000004c                                   : fflush.c.obj (.text:__TI_doflush)
                  000033cc    0000004c                                   : atoi.c.obj (.text:atoi)
                  00003418    00000048                                   : exit.c.obj (.text:exit)
                  00003460    00000048                                   : fd_toi_t2.asm.obj (.text)
                  000034a8    00000044                                   : hostclose.c.obj (.text:HOSTclose)
                  000034ec    00000044                                   : hostunlink.c.obj (.text:HOSTunlink)
                  00003530    00000044                                   : autoinit.c.obj (.text:__TI_auto_init_nobinit_nopinit:__TI_auto_init_nobinit_nopinit)
                  00003574    00000044                                   : getdevice.c.obj (.text:getdevice)
                  000035b8    0000003e                                   : _printfi.c.obj (.text:_fcpy)
                  000035f6    00000002     --HOLE-- [fill = 0]
                  000035f8    00000038                                   : trgmsg.c.obj (.text:__TI_writemsg)
                  00003630    00000036                                   : strncpy.c.obj (.text:strncpy)
                  00003666    00000002     --HOLE-- [fill = 0]
                  00003668    00000034                                   : fopen.c.obj (.text:__TI_cleanup)
                  0000369c    00000034                                   : trgmsg.c.obj (.text:__TI_readmsg)
                  000036d0    00000034                                   : boot_cortex_m.c.obj (.text:_c_int00_noargs:_c_int00_noargs)
                  00003704    00000030                                   : getdevice.c.obj (.text:finddevice)
                  00003734    0000002e                                   : i_tofd_t2.asm.obj (.text)
                  00003762    00000002     --HOLE-- [fill = 0]
                  00003764    0000002c                                   : unlink.c.obj (.text:unlink)
                  00003790    00000028                                   : memory.c.obj (.text:free_list_insert)
                  000037b8    00000028                                   : lseek.c.obj (.text:lseek)
                  000037e0    00000028                                   : write.c.obj (.text:write)
                  00003808    00000024     CortexM.obj (.text)
                  0000382c    00000020     rtsv7M4_T_le_v4SPD16_eabi.lib : memchr.c.obj (.text:memchr)
                  0000384c    0000001c                                   : copy_zero_init.c.obj (.text:decompress:ZI:__TI_zero_init_nomemset:__TI_zero_init_nomemset)
                  00003868    0000001c                                   : memory.c.obj (.text:free_list_remove)
                  00003884    0000001c                                   : memccpy.c.obj (.text:memccpy)
                  000038a0    0000001a                                   : s_copysign.c.obj (.text:copysign)
                  000038ba    00000018                                   : strcmp.c.obj (.text:strcmp)
                  000038d2    00000016                                   : strchr.c.obj (.text:strchr)
                  000038e8    00000014                                   : strcpy.c.obj (.text:strcpy)
                  000038fc    00000014                                   : strlen.c.obj (.text:strlen)
                  00003910    00000012                                   : wcslen.c.obj (.text:wcslen)
                  00003922    0000000e                                   : copy_decompress_none.c.obj (.text:decompress:none:__TI_decompress_none)
                  00003930    0000000e     startup_msp432p401r_ccs.obj (.text)
                  0000393e    00000002     --HOLE-- [fill = 0]
                  00003940    00000008     rtsv7M4_T_le_v4SPD16_eabi.lib : errno.c.obj (.text:__aeabi_errno_addr)
                  00003948    00000008                                   : memory.c.obj (.text:malloc)
                  00003950    00000004                                   : printf.c.obj (.text:_outc)
                  00003954    00000004                                   : printf.c.obj (.text:_outs)
                  00003958    00000004                                   : pre_init.c.obj (.text:_system_pre_init)
                  0000395c    00000004                                   : exit.c.obj (.text:abort:abort)

.const     0    00003960    00000101     
                  00003960    00000101     rtsv7M4_T_le_v4SPD16_eabi.lib : ctype.c.obj (.const:.string:_ctypes_)

.cinit     0    00003a68    00000098     
                  00003a68    0000006f     (.cinit..data.load) [load image, compression = lzss]
                  00003ad7    00000001     --HOLE-- [fill = 0]
                  00003ad8    0000000c     (__TI_handler_table)
                  00003ae4    00000004     --HOLE-- [fill = 0]
                  00003ae8    00000008     (.cinit..bss.load) [load image, compression = zero_init]
                  00003af0    00000010     (__TI_cinit_table)

.init_array 
*          0    00000000    00000000     UNINITIALIZED

.binit     0    00000000    00000000     

.sysmem    0    20000000    00000400     UNINITIALIZED
                  20000000    00000010     rtsv7M4_T_le_v4SPD16_eabi.lib : memory.c.obj (.sysmem)
                  20000010    000003f0     --HOLE--

.data      0    20000400    00000204     UNINITIALIZED
                  20000400    000000f0     rtsv7M4_T_le_v4SPD16_eabi.lib : defs.c.obj (.data:_ftable)
                  200004f0    00000078                                   : host_device.c.obj (.data:_device)
                  20000568    00000050                                   : host_device.c.obj (.data:_stream)
                  200005b8    00000018     Clock.obj (.data)
                  200005d0    00000010     rtsv7M4_T_le_v4SPD16_eabi.lib : defs.c.obj (.data)
                  200005e0    0000000c                                   : exit.c.obj (.data:$O1$$)
                  200005ec    00000008                                   : _lock.c.obj (.data:$O1$$)
                  200005f4    00000008                                   : memory.c.obj (.data:$O1$$)
                  200005fc    00000004                                   : errno.c.obj (.data)
                  20000600    00000004     system_msp432p401r.obj (.data)

.bss       0    20000604    000001cc     UNINITIALIZED
                  20000604    00000120     rtsv7M4_T_le_v4SPD16_eabi.lib : trgmsg.c.obj (.bss:_CIOBUF_)
                  20000724    000000a0     (.common:__TI_tmpnams)
                  200007c4    00000008     (.common:parmbuf)
                  200007cc    00000004     (.common:mode)

.stack     0    2000fe00    00000200     UNINITIALIZED
                  2000fe00    00000004     rtsv7M4_T_le_v4SPD16_eabi.lib : boot_cortex_m.c.obj (.stack)
                  2000fe04    000001fc     --HOLE--

__llvm_prf_cnts 
*          0    20000000    00000000     UNINITIALIZED

MODULE SUMMARY

       Module                            code    ro data   rw data
       ------                            ----    -------   -------
    .\
       Part1_Interrupt_bumsw_motor.obj   1636    0         8      
       system_msp432p401r.obj            820     0         8      
       startup_msp432p401r_ccs.obj       14      228       0      
    +--+---------------------------------+-------+---------+---------+
       Total:                            2470    228       16     
                                                                  
    .\inc\
       motor.obj                         548     0         0      
       Clock.obj                         480     0         48     
       SysTick.obj                       188     0         0      
       CortexM.obj                       36      0         0      
    +--+---------------------------------+-------+---------+---------+
       Total:                            1252    0         48     
                                                                  
    C:\TI\ccs\tools\compiler\ti-cgt-arm_20.2.5.LTS\lib\rtsv7M4_T_le_v4SPD16_eabi.lib
       _printfi.c.obj                    4851    0         0      
       defs.c.obj                        0       0         832    
       memory.c.obj                      672     0         16     
       trgmsg.c.obj                      108     0         576    
       fd_add_t2.asm.obj                 438     0         0      
       host_device.c.obj                 0       0         400    
       fd_div_t2.asm.obj                 310     0         0      
       fputs.c.obj                       276     0         0      
       s_scalbn.c.obj                    272     0         0      
       fd_cmp_t2.asm.obj                 268     0         0      
       ctype.c.obj                       0       257       0      
       fd_mul_t2.asm.obj                 252     0         0      
       setvbuf.c.obj                     220     0         0      
       memcpy_t2.asm.obj                 156     0         0      
       ull_div_t2.asm.obj                150     0         0      
       fputc.c.obj                       140     0         0      
       memset_t2.asm.obj                 122     0         0      
       fclose.c.obj                      116     0         0      
       getdevice.c.obj                   116     0         0      
       hostopen.c.obj                    96      0         16     
       printf.c.obj                      112     0         0      
       hostrename.c.obj                  108     0         0      
       copy_decompress_lzss.c.obj        104     0         0      
       hostlseek.c.obj                   104     0         0      
       exit.c.obj                        76      0         24     
       fseek.c.obj                       100     0         0      
       s_frexp.c.obj                     100     0         0      
       _io_perm.c.obj                    98      0         0      
       close.c.obj                       92      0         0      
       hostread.c.obj                    88      0         0      
       hostwrite.c.obj                   88      0         0      
       _ltoa.c.obj                       84      0         0      
       atoi.c.obj                        76      0         0      
       fflush.c.obj                      76      0         0      
       fd_toi_t2.asm.obj                 72      0         0      
       autoinit.c.obj                    68      0         0      
       hostclose.c.obj                   68      0         0      
       hostunlink.c.obj                  68      0         0      
       strncpy.c.obj                     54      0         0      
       boot_cortex_m.c.obj               52      0         0      
       fopen.c.obj                       52      0         0      
       i_tofd_t2.asm.obj                 46      0         0      
       unlink.c.obj                      44      0         0      
       lseek.c.obj                       40      0         0      
       write.c.obj                       40      0         0      
       memchr.c.obj                      32      0         0      
       copy_zero_init.c.obj              28      0         0      
       memccpy.c.obj                     28      0         0      
       s_copysign.c.obj                  26      0         0      
       strcmp.c.obj                      24      0         0      
       strchr.c.obj                      22      0         0      
       strcpy.c.obj                      20      0         0      
       strlen.c.obj                      20      0         0      
       _lock.c.obj                       2       0         16     
       wcslen.c.obj                      18      0         0      
       errno.c.obj                       8       0         8      
       copy_decompress_none.c.obj        14      0         0      
       pre_init.c.obj                    4       0         0      
       div0.asm.obj                      2       0         0      
    +--+---------------------------------+-------+---------+---------+
       Total:                            10721   257       1888   
                                                                  
       Heap:                             0       0         2048   
       Stack:                            0       0         1024   
       Linker Generated:                 0       147       0      
    +--+---------------------------------+-------+---------+---------+
       Grand Total:                      14443   632       5024   


LINKER GENERATED COPY TABLES

__TI_cinit_table @ 00003af0 records: 2, size/record: 8, table size: 16
	.data: load addr=00003a68, load size=0000006f bytes, run addr=20000400, run size=00000204 bytes, compression=lzss
	.bss: load addr=00003ae8, load size=00000008 bytes, run addr=20000604, run size=000001cc bytes, compression=zero_init


LINKER GENERATED HANDLER TABLE

__TI_handler_table @ 00003ad8 records: 3, size/record: 4, table size: 12
	index: 0, handler: __TI_decompress_lzss
	index: 1, handler: __TI_decompress_none
	index: 2, handler: __TI_zero_init


GLOBAL SYMBOLS: SORTED ALPHABETICALLY BY Name 

address   name                           
-------   ----                           
0000393d  ADC14_IRQHandler               
0000393d  AES256_IRQHandler              
00000b35  BumpEdgeTrigger_Init           
00000d39  Bump_Read_Input                
0000393d  BusFault_Handler               
0000395d  C$$EXIT                        
00003627  C$$IO$$                        
0000393d  COMP_E0_IRQHandler             
0000393d  COMP_E1_IRQHandler             
200005c0  CPMwait                        
0000393d  CS_IRQHandler                  
200005b8  ClockFrequency                 
00001ab5  Clock_Delay1ms                 
00001a8b  Clock_Delay1us                 
00001a77  Clock_GetFreq                  
00001961  Clock_Init48MHz                
200005cc  Crystalstable                  
0000393d  DMA_ERR_IRQHandler             
0000393d  DMA_INT0_IRQHandler            
0000393d  DMA_INT1_IRQHandler            
0000393d  DMA_INT2_IRQHandler            
0000393d  DMA_INT3_IRQHandler            
0000393d  DebugMon_Handler               
0000393d  Default_Handler                
00003809  DisableInterrupts              
0000393d  EUSCIA0_IRQHandler             
0000393d  EUSCIA1_IRQHandler             
0000393d  EUSCIA2_IRQHandler             
0000393d  EUSCIA3_IRQHandler             
0000393d  EUSCIB0_IRQHandler             
0000393d  EUSCIB1_IRQHandler             
0000393d  EUSCIB2_IRQHandler             
0000393d  EUSCIB3_IRQHandler             
0000380f  EnableInterrupts               
0000381f  EndCritical                    
0000393d  FLCTL_IRQHandler               
0000393d  FPU_IRQHandler                 
000034a9  HOSTclose                      
00002eb5  HOSTlseek                      
00003119  HOSTopen                       
000031d5  HOSTread                       
00002e49  HOSTrename                     
000034ed  HOSTunlink                     
0000322d  HOSTwrite                      
0000393d  HardFault_Handler              
200005c8  IFlags                         
0000393d  MemManage_Handler              
000017eb  Motor_BackwardSimple           
00001783  Motor_ForwardSimple            
0000173d  Motor_InitSimple               
0000185f  Motor_LeftSimple               
000018d3  Motor_RightSimple              
00001763  Motor_StopSimple               
0000393d  NMI_Handler                    
0000393d  PCM_IRQHandler                 
0000393d  PORT1_IRQHandler               
0000393d  PORT2_IRQHandler               
0000393d  PORT3_IRQHandler               
00000b9d  PORT4_IRQHandler               
00000b9d  PORT4_IRQHandler               
0000393d  PORT5_IRQHandler               
0000393d  PORT6_IRQHandler               
0000393d  PSS_IRQHandler                 
0000393d  PendSV_Handler                 
00000f45  Port1_Init                     
00000f65  Port2_Init                     
00000fa3  Port2_Output                   
200005c4  Postwait                       
200005bc  Prewait                        
0000393d  RTC_C_IRQHandler               
00003931  Reset_Handler                  
0000393d  SVC_Handler                    
00003815  StartCritical                  
00000fc1  Switch_Init                    
0000393d  SysTick_Handler                
00002841  SysTick_Init                   
00002851  SysTick_Wait                   
00002877  SysTick_Wait10ms               
0000289f  SysTick_Wait1ms                
000028c5  SysTick_Wait1us                
20000600  SystemCoreClock                
00001199  SystemCoreClockUpdate          
00001411  SystemInit                     
0000393d  T32_INT1_IRQHandler            
0000393d  T32_INT2_IRQHandler            
0000393d  T32_INTC_IRQHandler            
0000393d  TA0_0_IRQHandler               
0000393d  TA0_N_IRQHandler               
0000393d  TA1_0_IRQHandler               
0000393d  TA1_N_IRQHandler               
0000393d  TA2_0_IRQHandler               
0000393d  TA2_N_IRQHandler               
0000393d  TA3_0_IRQHandler               
0000393d  TA3_N_IRQHandler               
0000393d  UsageFault_Handler             
4000480c  WDTCTL_SYM                     
0000393d  WDT_A_IRQHandler               
00003827  WaitForInterrupt               
20000604  __CIOBUF_                      
20010000  __STACK_END                    
00000200  __STACK_SIZE                   
00000400  __SYSMEM_SIZE                  
00003af0  __TI_CINIT_Base                
00003b00  __TI_CINIT_Limit               
00003ad8  __TI_Handler_Table_Base        
00003ae4  __TI_Handler_Table_Limit       
00003531  __TI_auto_init_nobinit_nopinit 
00003669  __TI_cleanup                   
200005e0  __TI_cleanup_ptr               
00002cf5  __TI_closefile                 
00002f1d  __TI_decompress_lzss           
00003923  __TI_decompress_none           
00003381  __TI_doflush                   
200005e4  __TI_dtors_ptr                 
200005e8  __TI_enable_exit_profile_output
200005d0  __TI_ft_end                    
000032db  __TI_ltoa                      
ffffffff  __TI_pprof_out_hndl            
000000e5  __TI_printfi                   
ffffffff  __TI_prof_data_size            
ffffffff  __TI_prof_data_start           
0000369d  __TI_readmsg                   
00000000  __TI_static_base__             
20000724  __TI_tmpnams                   
000035f9  __TI_writemsg                  
000030b5  __TI_wrt_ok                    
0000384d  __TI_zero_init_nomemset        
00002b6d  __aeabi_cdcmpeq                
00002b6d  __aeabi_cdcmple                
00002bf3  __aeabi_cdrcmple               
00003461  __aeabi_d2iz                   
00001d1b  __aeabi_dadd                   
00002005  __aeabi_ddiv                   
00002585  __aeabi_dmul                   
00001d11  __aeabi_dsub                   
00003941  __aeabi_errno_addr             
00003735  __aeabi_i2d                    
00001ec7  __aeabi_idiv0                  
00001ec7  __aeabi_ldiv0                  
00002c79  __aeabi_memclr                 
00002c79  __aeabi_memclr4                
00002c79  __aeabi_memclr8                
000029af  __aeabi_memcpy                 
000029af  __aeabi_memcpy4                
000029af  __aeabi_memcpy8                
00002c7b  __aeabi_memset                 
00002c7b  __aeabi_memset4                
00002c7b  __aeabi_memset8                
200005dc  __aeabi_stderr                 
200005d4  __aeabi_stdin                  
200005d8  __aeabi_stdout                 
00002a4b  __aeabi_uldivmod               
ffffffff  __binit__                      
ffffffff  __c_args__                     
UNDEFED   __mpu_init                     
2000fe00  __stack                        
20000000  __start___llvm_prf_cnts        
20000000  __stop___llvm_prf_cnts         
000036d1  _c_int00_noargs                
00003960  _ctypes_                       
200004f0  _device                        
20000400  _ftable                        
200005ec  _lock                          
00000b33  _nop                           
20000568  _stream                        
20000000  _sys_memory                    
UNDEFED   _system_post_cinit             
00003959  _system_pre_init               
200005f0  _unlock                        
0000395d  abort                          
00002485  aligned_alloc                  
000033cd  atoi                           
ffffffff  binit                          
00000d69  checkbumpswitch                
00003179  close                          
000038a1  copysign                       
000038a1  copysignl                      
00001a7d  delay                          
200005fc  errno                          
00003419  exit                           
00003705  finddevice                     
00002ae1  fputc                          
00002261  fputs                          
00002681  free                           
00002fed  frexp                          
00002fed  frexpl                         
00003051  fseek                          
00003575  getdevice                      
00000000  interruptVectors               
00002375  ldexp                          
00002375  ldexpl                         
000037b9  lseek                          
00000ff9  main                           
00003949  malloc                         
00002485  memalign                       
00003885  memccpy                        
0000382d  memchr                         
000029af  memcpy                         
00002c81  memset                         
200007cc  mode                           
200007c4  parmbuf                        
00002f85  printf                         
00002ae1  putc                           
00003765  remove                         
00002375  scalbn                         
00002375  scalbnl                        
00002765  setvbuf                        
000038d3  strchr                         
000038bb  strcmp                         
000038e9  strcpy                         
000038fd  strlen                         
00003631  strncpy                        
00003765  unlink                         
00003911  wcslen                         
000037e1  write                          


GLOBAL SYMBOLS: SORTED BY Symbol Address 

address   name                           
-------   ----                           
00000000  __TI_static_base__             
00000000  interruptVectors               
000000e5  __TI_printfi                   
00000200  __STACK_SIZE                   
00000400  __SYSMEM_SIZE                  
00000b33  _nop                           
00000b35  BumpEdgeTrigger_Init           
00000b9d  PORT4_IRQHandler               
00000b9d  PORT4_IRQHandler               
00000d39  Bump_Read_Input                
00000d69  checkbumpswitch                
00000f45  Port1_Init                     
00000f65  Port2_Init                     
00000fa3  Port2_Output                   
00000fc1  Switch_Init                    
00000ff9  main                           
00001199  SystemCoreClockUpdate          
00001411  SystemInit                     
0000173d  Motor_InitSimple               
00001763  Motor_StopSimple               
00001783  Motor_ForwardSimple            
000017eb  Motor_BackwardSimple           
0000185f  Motor_LeftSimple               
000018d3  Motor_RightSimple              
00001961  Clock_Init48MHz                
00001a77  Clock_GetFreq                  
00001a7d  delay                          
00001a8b  Clock_Delay1us                 
00001ab5  Clock_Delay1ms                 
00001d11  __aeabi_dsub                   
00001d1b  __aeabi_dadd                   
00001ec7  __aeabi_idiv0                  
00001ec7  __aeabi_ldiv0                  
00002005  __aeabi_ddiv                   
00002261  fputs                          
00002375  ldexp                          
00002375  ldexpl                         
00002375  scalbn                         
00002375  scalbnl                        
00002485  aligned_alloc                  
00002485  memalign                       
00002585  __aeabi_dmul                   
00002681  free                           
00002765  setvbuf                        
00002841  SysTick_Init                   
00002851  SysTick_Wait                   
00002877  SysTick_Wait10ms               
0000289f  SysTick_Wait1ms                
000028c5  SysTick_Wait1us                
000029af  __aeabi_memcpy                 
000029af  __aeabi_memcpy4                
000029af  __aeabi_memcpy8                
000029af  memcpy                         
00002a4b  __aeabi_uldivmod               
00002ae1  fputc                          
00002ae1  putc                           
00002b6d  __aeabi_cdcmpeq                
00002b6d  __aeabi_cdcmple                
00002bf3  __aeabi_cdrcmple               
00002c79  __aeabi_memclr                 
00002c79  __aeabi_memclr4                
00002c79  __aeabi_memclr8                
00002c7b  __aeabi_memset                 
00002c7b  __aeabi_memset4                
00002c7b  __aeabi_memset8                
00002c81  memset                         
00002cf5  __TI_closefile                 
00002e49  HOSTrename                     
00002eb5  HOSTlseek                      
00002f1d  __TI_decompress_lzss           
00002f85  printf                         
00002fed  frexp                          
00002fed  frexpl                         
00003051  fseek                          
000030b5  __TI_wrt_ok                    
00003119  HOSTopen                       
00003179  close                          
000031d5  HOSTread                       
0000322d  HOSTwrite                      
000032db  __TI_ltoa                      
00003381  __TI_doflush                   
000033cd  atoi                           
00003419  exit                           
00003461  __aeabi_d2iz                   
000034a9  HOSTclose                      
000034ed  HOSTunlink                     
00003531  __TI_auto_init_nobinit_nopinit 
00003575  getdevice                      
000035f9  __TI_writemsg                  
00003627  C$$IO$$                        
00003631  strncpy                        
00003669  __TI_cleanup                   
0000369d  __TI_readmsg                   
000036d1  _c_int00_noargs                
00003705  finddevice                     
00003735  __aeabi_i2d                    
00003765  remove                         
00003765  unlink                         
000037b9  lseek                          
000037e1  write                          
00003809  DisableInterrupts              
0000380f  EnableInterrupts               
00003815  StartCritical                  
0000381f  EndCritical                    
00003827  WaitForInterrupt               
0000382d  memchr                         
0000384d  __TI_zero_init_nomemset        
00003885  memccpy                        
000038a1  copysign                       
000038a1  copysignl                      
000038bb  strcmp                         
000038d3  strchr                         
000038e9  strcpy                         
000038fd  strlen                         
00003911  wcslen                         
00003923  __TI_decompress_none           
00003931  Reset_Handler                  
0000393d  ADC14_IRQHandler               
0000393d  AES256_IRQHandler              
0000393d  BusFault_Handler               
0000393d  COMP_E0_IRQHandler             
0000393d  COMP_E1_IRQHandler             
0000393d  CS_IRQHandler                  
0000393d  DMA_ERR_IRQHandler             
0000393d  DMA_INT0_IRQHandler            
0000393d  DMA_INT1_IRQHandler            
0000393d  DMA_INT2_IRQHandler            
0000393d  DMA_INT3_IRQHandler            
0000393d  DebugMon_Handler               
0000393d  Default_Handler                
0000393d  EUSCIA0_IRQHandler             
0000393d  EUSCIA1_IRQHandler             
0000393d  EUSCIA2_IRQHandler             
0000393d  EUSCIA3_IRQHandler             
0000393d  EUSCIB0_IRQHandler             
0000393d  EUSCIB1_IRQHandler             
0000393d  EUSCIB2_IRQHandler             
0000393d  EUSCIB3_IRQHandler             
0000393d  FLCTL_IRQHandler               
0000393d  FPU_IRQHandler                 
0000393d  HardFault_Handler              
0000393d  MemManage_Handler              
0000393d  NMI_Handler                    
0000393d  PCM_IRQHandler                 
0000393d  PORT1_IRQHandler               
0000393d  PORT2_IRQHandler               
0000393d  PORT3_IRQHandler               
0000393d  PORT5_IRQHandler               
0000393d  PORT6_IRQHandler               
0000393d  PSS_IRQHandler                 
0000393d  PendSV_Handler                 
0000393d  RTC_C_IRQHandler               
0000393d  SVC_Handler                    
0000393d  SysTick_Handler                
0000393d  T32_INT1_IRQHandler            
0000393d  T32_INT2_IRQHandler            
0000393d  T32_INTC_IRQHandler            
0000393d  TA0_0_IRQHandler               
0000393d  TA0_N_IRQHandler               
0000393d  TA1_0_IRQHandler               
0000393d  TA1_N_IRQHandler               
0000393d  TA2_0_IRQHandler               
0000393d  TA2_N_IRQHandler               
0000393d  TA3_0_IRQHandler               
0000393d  TA3_N_IRQHandler               
0000393d  UsageFault_Handler             
0000393d  WDT_A_IRQHandler               
00003941  __aeabi_errno_addr             
00003949  malloc                         
00003959  _system_pre_init               
0000395d  C$$EXIT                        
0000395d  abort                          
00003960  _ctypes_                       
00003ad8  __TI_Handler_Table_Base        
00003ae4  __TI_Handler_Table_Limit       
00003af0  __TI_CINIT_Base                
00003b00  __TI_CINIT_Limit               
20000000  __start___llvm_prf_cnts        
20000000  __stop___llvm_prf_cnts         
20000000  _sys_memory                    
20000400  _ftable                        
200004f0  _device                        
20000568  _stream                        
200005b8  ClockFrequency                 
200005bc  Prewait                        
200005c0  CPMwait                        
200005c4  Postwait                       
200005c8  IFlags                         
200005cc  Crystalstable                  
200005d0  __TI_ft_end                    
200005d4  __aeabi_stdin                  
200005d8  __aeabi_stdout                 
200005dc  __aeabi_stderr                 
200005e0  __TI_cleanup_ptr               
200005e4  __TI_dtors_ptr                 
200005e8  __TI_enable_exit_profile_output
200005ec  _lock                          
200005f0  _unlock                        
200005fc  errno                          
20000600  SystemCoreClock                
20000604  __CIOBUF_                      
20000724  __TI_tmpnams                   
200007c4  parmbuf                        
200007cc  mode                           
2000fe00  __stack                        
20010000  __STACK_END                    
4000480c  WDTCTL_SYM                     
ffffffff  __TI_pprof_out_hndl            
ffffffff  __TI_prof_data_size            
ffffffff  __TI_prof_data_start           
ffffffff  __binit__                      
ffffffff  __c_args__                     
ffffffff  binit                          
UNDEFED   __mpu_init                     
UNDEFED   _system_post_cinit             

[215 symbols]
