******************************************************************************
                  TI ARM Linker PC v20.2.5                     
******************************************************************************
>> Linked Mon Nov 21 16:18:59 2022

OUTPUT FILE NAME:   <part1_group13.out>
ENTRY POINT SYMBOL: "_c_int00_noargs"  address: 00000e31


MEMORY CONFIGURATION

         name            origin    length      used     unused   attr    fill
----------------------  --------  ---------  --------  --------  ----  --------
  MAIN                  00000000   00040000  00000f00  0003f100  R  X
  INFO                  00200000   00004000  00000000  00004000  R  X
  SRAM_CODE             01000000   00010000  00000220  0000fde0  RW X
  SRAM_DATA             20000000   00010000  00000220  0000fde0  RW  


SEGMENT ALLOCATION MAP

run origin  load origin   length   init length attrs members
----------  ----------- ---------- ----------- ----- -------
00000000    00000000    00000f00   00000f00    r-x
  00000000    00000000    000000e4   000000e4    r-- .intvecs
  000000e4    000000e4    00000de4   00000de4    r-x .text
  00000ec8    00000ec8    00000038   00000038    r-- .cinit
20000000    20000000    00000020   00000000    rw-
  20000000    20000000    0000001c   00000000    rw- .data
  2000001c    2000001c    00000004   00000000    rw- .bss
2000fe00    2000fe00    00000200   00000000    rw-
  2000fe00    2000fe00    00000200   00000000    rw- .stack


SECTION ALLOCATION MAP

 output                                  attributes/
section   page    origin      length       input sections
--------  ----  ----------  ----------   ----------------
.intvecs   0    00000000    000000e4     
                  00000000    000000e4     startup_msp432p401r_ccs.obj (.intvecs:retain)

.text      0    000000e4    00000de4     
                  000000e4    00000418     Part1_Interrupt_bumsw_motor.obj (.text)
                  000004fc    00000334     system_msp432p401r.obj (.text)
                  00000830    0000021c     motor.obj (.text)
                  00000a4c    000001e0     Clock.obj (.text)
                  00000c2c    000000bc     SysTick.obj (.text)
                  00000ce8    0000009c     rtsv7M4_T_le_v4SPD16_eabi.lib : memcpy_t2.asm.obj (.text)
                  00000d84    00000068                                   : copy_decompress_lzss.c.obj (.text:decompress:lzss:__TI_decompress_lzss)
                  00000dec    00000044                                   : autoinit.c.obj (.text:__TI_auto_init_nobinit_nopinit:__TI_auto_init_nobinit_nopinit)
                  00000e30    00000034                                   : boot_cortex_m.c.obj (.text:_c_int00_noargs:_c_int00_noargs)
                  00000e64    00000024     CortexM.obj (.text)
                  00000e88    0000001c     rtsv7M4_T_le_v4SPD16_eabi.lib : copy_zero_init.c.obj (.text:decompress:ZI:__TI_zero_init_nomemset:__TI_zero_init_nomemset)
                  00000ea4    0000000e                                   : copy_decompress_none.c.obj (.text:decompress:none:__TI_decompress_none)
                  00000eb2    0000000e     startup_msp432p401r_ccs.obj (.text)
                  00000ec0    00000004     rtsv7M4_T_le_v4SPD16_eabi.lib : pre_init.c.obj (.text:_system_pre_init)
                  00000ec4    00000004                                   : exit.c.obj (.text:abort:abort)

.cinit     0    00000ec8    00000038     
                  00000ec8    0000000d     (.cinit..data.load) [load image, compression = lzss]
                  00000ed5    00000003     --HOLE-- [fill = 0]
                  00000ed8    0000000c     (__TI_handler_table)
                  00000ee4    00000004     --HOLE-- [fill = 0]
                  00000ee8    00000008     (.cinit..bss.load) [load image, compression = zero_init]
                  00000ef0    00000010     (__TI_cinit_table)

.init_array 
*          0    00000000    00000000     UNINITIALIZED

.binit     0    00000000    00000000     

.data      0    20000000    0000001c     UNINITIALIZED
                  20000000    00000018     Clock.obj (.data)
                  20000018    00000004     system_msp432p401r.obj (.data)

.bss       0    2000001c    00000004     UNINITIALIZED
                  2000001c    00000004     (.common:mode)

.stack     0    2000fe00    00000200     UNINITIALIZED
                  2000fe00    00000004     rtsv7M4_T_le_v4SPD16_eabi.lib : boot_cortex_m.c.obj (.stack)
                  2000fe04    000001fc     --HOLE--

__llvm_prf_cnts 
*          0    20000000    00000000     UNINITIALIZED

MODULE SUMMARY

       Module                            code   ro data   rw data
       ------                            ----   -------   -------
    .\
       Part1_Interrupt_bumsw_motor.obj   1048   0         8      
       system_msp432p401r.obj            820    0         8      
       startup_msp432p401r_ccs.obj       14     228       0      
    +--+---------------------------------+------+---------+---------+
       Total:                            1882   228       16     
                                                                 
    .\inc\
       motor.obj                         540    0         0      
       Clock.obj                         480    0         48     
       SysTick.obj                       188    0         0      
       CortexM.obj                       36     0         0      
    +--+---------------------------------+------+---------+---------+
       Total:                            1244   0         48     
                                                                 
    C:\TI\ccs\tools\compiler\ti-cgt-arm_20.2.5.LTS\lib\rtsv7M4_T_le_v4SPD16_eabi.lib
       memcpy_t2.asm.obj                 156    0         0      
       copy_decompress_lzss.c.obj        104    0         0      
       autoinit.c.obj                    68     0         0      
       boot_cortex_m.c.obj               52     0         0      
       copy_zero_init.c.obj              28     0         0      
       copy_decompress_none.c.obj        14     0         0      
       exit.c.obj                        4      0         0      
       pre_init.c.obj                    4      0         0      
    +--+---------------------------------+------+---------+---------+
       Total:                            430    0         0      
                                                                 
       Stack:                            0      0         1024   
       Linker Generated:                 0      49        0      
    +--+---------------------------------+------+---------+---------+
       Grand Total:                      3556   277       1088   


LINKER GENERATED COPY TABLES

__TI_cinit_table @ 00000ef0 records: 2, size/record: 8, table size: 16
	.data: load addr=00000ec8, load size=0000000d bytes, run addr=20000000, run size=0000001c bytes, compression=lzss
	.bss: load addr=00000ee8, load size=00000008 bytes, run addr=2000001c, run size=00000004 bytes, compression=zero_init


LINKER GENERATED HANDLER TABLE

__TI_handler_table @ 00000ed8 records: 3, size/record: 4, table size: 12
	index: 0, handler: __TI_decompress_lzss
	index: 1, handler: __TI_decompress_none
	index: 2, handler: __TI_zero_init


GLOBAL SYMBOLS: SORTED ALPHABETICALLY BY Name 

address   name                          
-------   ----                          
00000ebf  ADC14_IRQHandler              
00000ebf  AES256_IRQHandler             
000000e5  BumpEdgeTrigger_Init          
000002e1  Bump_Read_Input               
00000ebf  BusFault_Handler              
00000ec5  C$$EXIT                       
00000ebf  COMP_E0_IRQHandler            
00000ebf  COMP_E1_IRQHandler            
20000008  CPMwait                       
00000ebf  CS_IRQHandler                 
20000000  ClockFrequency                
00000ba1  Clock_Delay1ms                
00000b77  Clock_Delay1us                
00000b63  Clock_GetFreq                 
00000a4d  Clock_Init48MHz               
20000014  Crystalstable                 
00000ebf  DMA_ERR_IRQHandler            
00000ebf  DMA_INT0_IRQHandler           
00000ebf  DMA_INT1_IRQHandler           
00000ebf  DMA_INT2_IRQHandler           
00000ebf  DMA_INT3_IRQHandler           
00000ebf  DebugMon_Handler              
00000ebf  Default_Handler               
00000e65  DisableInterrupts             
00000ebf  EUSCIA0_IRQHandler            
00000ebf  EUSCIA1_IRQHandler            
00000ebf  EUSCIA2_IRQHandler            
00000ebf  EUSCIA3_IRQHandler            
00000ebf  EUSCIB0_IRQHandler            
00000ebf  EUSCIB1_IRQHandler            
00000ebf  EUSCIB2_IRQHandler            
00000ebf  EUSCIB3_IRQHandler            
00000e6b  EnableInterrupts              
00000e7b  EndCritical                   
00000ebf  FLCTL_IRQHandler              
00000ebf  FPU_IRQHandler                
00000ebf  HardFault_Handler             
20000010  IFlags                        
00000ebf  MemManage_Handler             
000008df  Motor_BackwardSimple          
00000877  Motor_ForwardSimple           
00000831  Motor_InitSimple              
00000951  Motor_LeftSimple              
000009c3  Motor_RightSimple             
00000857  Motor_StopSimple              
00000ebf  NMI_Handler                   
00000ebf  PCM_IRQHandler                
00000ebf  PORT1_IRQHandler              
00000ebf  PORT2_IRQHandler              
00000ebf  PORT3_IRQHandler              
0000014d  PORT4_IRQHandler              
0000014d  PORT4_IRQHandler              
00000ebf  PORT5_IRQHandler              
00000ebf  PORT6_IRQHandler              
00000ebf  PSS_IRQHandler                
00000ebf  PendSV_Handler                
00000379  Port1_Init                    
00000399  Port2_Init                    
000003d7  Port2_Output                  
2000000c  Postwait                      
20000004  Prewait                       
00000ebf  RTC_C_IRQHandler              
00000eb3  Reset_Handler                 
00000ebf  SVC_Handler                   
00000e71  StartCritical                 
000003f5  Switch_Init                   
00000ebf  SysTick_Handler               
00000c2d  SysTick_Init                  
00000c3d  SysTick_Wait                  
00000c63  SysTick_Wait10ms              
00000c8b  SysTick_Wait1ms               
00000cb1  SysTick_Wait1us               
20000018  SystemCoreClock               
000004fd  SystemCoreClockUpdate         
00000775  SystemInit                    
00000ebf  T32_INT1_IRQHandler           
00000ebf  T32_INT2_IRQHandler           
00000ebf  T32_INTC_IRQHandler           
00000ebf  TA0_0_IRQHandler              
00000ebf  TA0_N_IRQHandler              
00000ebf  TA1_0_IRQHandler              
00000ebf  TA1_N_IRQHandler              
00000ebf  TA2_0_IRQHandler              
00000ebf  TA2_N_IRQHandler              
00000ebf  TA3_0_IRQHandler              
00000ebf  TA3_N_IRQHandler              
00000ebf  UsageFault_Handler            
4000480c  WDTCTL_SYM                    
00000ebf  WDT_A_IRQHandler              
00000e83  WaitForInterrupt              
20010000  __STACK_END                   
00000200  __STACK_SIZE                  
00000ef0  __TI_CINIT_Base               
00000f00  __TI_CINIT_Limit              
00000ed8  __TI_Handler_Table_Base       
00000ee4  __TI_Handler_Table_Limit      
00000ded  __TI_auto_init_nobinit_nopinit
00000d85  __TI_decompress_lzss          
00000ea5  __TI_decompress_none          
ffffffff  __TI_pprof_out_hndl           
ffffffff  __TI_prof_data_size           
ffffffff  __TI_prof_data_start          
00000000  __TI_static_base__            
00000e89  __TI_zero_init_nomemset       
00000ce9  __aeabi_memcpy                
00000ce9  __aeabi_memcpy4               
00000ce9  __aeabi_memcpy8               
ffffffff  __binit__                     
ffffffff  __c_args__                    
UNDEFED   __mpu_init                    
2000fe00  __stack                       
20000000  __start___llvm_prf_cnts       
20000000  __stop___llvm_prf_cnts        
00000e31  _c_int00_noargs               
UNDEFED   _system_post_cinit            
00000ec1  _system_pre_init              
00000ec5  abort                         
ffffffff  binit                         
000002eb  checkbumpswitch               
00000b69  delay                         
00000000  interruptVectors              
00000441  main                          
00000ce9  memcpy                        
2000001c  mode                          
00000345  mode_selection                


GLOBAL SYMBOLS: SORTED BY Symbol Address 

address   name                          
-------   ----                          
00000000  __TI_static_base__            
00000000  interruptVectors              
000000e5  BumpEdgeTrigger_Init          
0000014d  PORT4_IRQHandler              
0000014d  PORT4_IRQHandler              
00000200  __STACK_SIZE                  
000002e1  Bump_Read_Input               
000002eb  checkbumpswitch               
00000345  mode_selection                
00000379  Port1_Init                    
00000399  Port2_Init                    
000003d7  Port2_Output                  
000003f5  Switch_Init                   
00000441  main                          
000004fd  SystemCoreClockUpdate         
00000775  SystemInit                    
00000831  Motor_InitSimple              
00000857  Motor_StopSimple              
00000877  Motor_ForwardSimple           
000008df  Motor_BackwardSimple          
00000951  Motor_LeftSimple              
000009c3  Motor_RightSimple             
00000a4d  Clock_Init48MHz               
00000b63  Clock_GetFreq                 
00000b69  delay                         
00000b77  Clock_Delay1us                
00000ba1  Clock_Delay1ms                
00000c2d  SysTick_Init                  
00000c3d  SysTick_Wait                  
00000c63  SysTick_Wait10ms              
00000c8b  SysTick_Wait1ms               
00000cb1  SysTick_Wait1us               
00000ce9  __aeabi_memcpy                
00000ce9  __aeabi_memcpy4               
00000ce9  __aeabi_memcpy8               
00000ce9  memcpy                        
00000d85  __TI_decompress_lzss          
00000ded  __TI_auto_init_nobinit_nopinit
00000e31  _c_int00_noargs               
00000e65  DisableInterrupts             
00000e6b  EnableInterrupts              
00000e71  StartCritical                 
00000e7b  EndCritical                   
00000e83  WaitForInterrupt              
00000e89  __TI_zero_init_nomemset       
00000ea5  __TI_decompress_none          
00000eb3  Reset_Handler                 
00000ebf  ADC14_IRQHandler              
00000ebf  AES256_IRQHandler             
00000ebf  BusFault_Handler              
00000ebf  COMP_E0_IRQHandler            
00000ebf  COMP_E1_IRQHandler            
00000ebf  CS_IRQHandler                 
00000ebf  DMA_ERR_IRQHandler            
00000ebf  DMA_INT0_IRQHandler           
00000ebf  DMA_INT1_IRQHandler           
00000ebf  DMA_INT2_IRQHandler           
00000ebf  DMA_INT3_IRQHandler           
00000ebf  DebugMon_Handler              
00000ebf  Default_Handler               
00000ebf  EUSCIA0_IRQHandler            
00000ebf  EUSCIA1_IRQHandler            
00000ebf  EUSCIA2_IRQHandler            
00000ebf  EUSCIA3_IRQHandler            
00000ebf  EUSCIB0_IRQHandler            
00000ebf  EUSCIB1_IRQHandler            
00000ebf  EUSCIB2_IRQHandler            
00000ebf  EUSCIB3_IRQHandler            
00000ebf  FLCTL_IRQHandler              
00000ebf  FPU_IRQHandler                
00000ebf  HardFault_Handler             
00000ebf  MemManage_Handler             
00000ebf  NMI_Handler                   
00000ebf  PCM_IRQHandler                
00000ebf  PORT1_IRQHandler              
00000ebf  PORT2_IRQHandler              
00000ebf  PORT3_IRQHandler              
00000ebf  PORT5_IRQHandler              
00000ebf  PORT6_IRQHandler              
00000ebf  PSS_IRQHandler                
00000ebf  PendSV_Handler                
00000ebf  RTC_C_IRQHandler              
00000ebf  SVC_Handler                   
00000ebf  SysTick_Handler               
00000ebf  T32_INT1_IRQHandler           
00000ebf  T32_INT2_IRQHandler           
00000ebf  T32_INTC_IRQHandler           
00000ebf  TA0_0_IRQHandler              
00000ebf  TA0_N_IRQHandler              
00000ebf  TA1_0_IRQHandler              
00000ebf  TA1_N_IRQHandler              
00000ebf  TA2_0_IRQHandler              
00000ebf  TA2_N_IRQHandler              
00000ebf  TA3_0_IRQHandler              
00000ebf  TA3_N_IRQHandler              
00000ebf  UsageFault_Handler            
00000ebf  WDT_A_IRQHandler              
00000ec1  _system_pre_init              
00000ec5  C$$EXIT                       
00000ec5  abort                         
00000ed8  __TI_Handler_Table_Base       
00000ee4  __TI_Handler_Table_Limit      
00000ef0  __TI_CINIT_Base               
00000f00  __TI_CINIT_Limit              
20000000  ClockFrequency                
20000000  __start___llvm_prf_cnts       
20000000  __stop___llvm_prf_cnts        
20000004  Prewait                       
20000008  CPMwait                       
2000000c  Postwait                      
20000010  IFlags                        
20000014  Crystalstable                 
20000018  SystemCoreClock               
2000001c  mode                          
2000fe00  __stack                       
20010000  __STACK_END                   
4000480c  WDTCTL_SYM                    
ffffffff  __TI_pprof_out_hndl           
ffffffff  __TI_prof_data_size           
ffffffff  __TI_prof_data_start          
ffffffff  __binit__                     
ffffffff  __c_args__                    
ffffffff  binit                         
UNDEFED   __mpu_init                    
UNDEFED   _system_post_cinit            

[125 symbols]
