******************************************************************************
                  TI ARM Linker PC v20.2.5                     
******************************************************************************
>> Linked Mon Nov 14 13:18:46 2022

OUTPUT FILE NAME:   <part1_group13.out>
ENTRY POINT SYMBOL: "_c_int00_noargs"  address: 00000c6d


MEMORY CONFIGURATION

         name            origin    length      used     unused   attr    fill
----------------------  --------  ---------  --------  --------  ----  --------
  MAIN                  00000000   00040000  00000d08  0003f2f8  R  X
  INFO                  00200000   00004000  00000000  00004000  R  X
  SRAM_CODE             01000000   00010000  0000021c  0000fde4  RW X
  SRAM_DATA             20000000   00010000  0000021c  0000fde4  RW  


SEGMENT ALLOCATION MAP

run origin  load origin   length   init length attrs members
----------  ----------- ---------- ----------- ----- -------
00000000    00000000    00000d08   00000d08    r-x
  00000000    00000000    000000e4   000000e4    r-- .intvecs
  000000e4    000000e4    00000c04   00000c04    r-x .text
  00000ce8    00000ce8    00000020   00000020    r-- .cinit
20000000    20000000    0000001c   00000000    rw-
  20000000    20000000    0000001c   00000000    rw- .data
2000fe00    2000fe00    00000200   00000000    rw-
  2000fe00    2000fe00    00000200   00000000    rw- .stack


SECTION ALLOCATION MAP

 output                                  attributes/
section   page    origin      length       input sections
--------  ----  ----------  ----------   ----------------
.intvecs   0    00000000    000000e4     
                  00000000    000000e4     startup_msp432p401r_ccs.obj (.intvecs:retain)

.text      0    000000e4    00000c04     
                  000000e4    00000364     Part1_Interrupt_bumsw_motor.obj (.text)
                  00000448    00000334     system_msp432p401r.obj (.text)
                  0000077c    000001e0     Clock.obj (.text)
                  0000095c    00000134     motor.obj (.text)
                  00000a90    0000009c     rtsv7M4_T_le_v4SPD16_eabi.lib : memcpy_t2.asm.obj (.text)
                  00000b2c    00000094     SysTick.obj (.text)
                  00000bc0    00000068     rtsv7M4_T_le_v4SPD16_eabi.lib : copy_decompress_lzss.c.obj (.text:decompress:lzss:__TI_decompress_lzss)
                  00000c28    00000044                                   : autoinit.c.obj (.text:__TI_auto_init_nobinit_nopinit:__TI_auto_init_nobinit_nopinit)
                  00000c6c    00000034                                   : boot_cortex_m.c.obj (.text:_c_int00_noargs:_c_int00_noargs)
                  00000ca0    00000024     CortexM.obj (.text)
                  00000cc4    0000000e     rtsv7M4_T_le_v4SPD16_eabi.lib : copy_decompress_none.c.obj (.text:decompress:none:__TI_decompress_none)
                  00000cd2    0000000e     startup_msp432p401r_ccs.obj (.text)
                  00000ce0    00000004     rtsv7M4_T_le_v4SPD16_eabi.lib : pre_init.c.obj (.text:_system_pre_init)
                  00000ce4    00000004                                   : exit.c.obj (.text:abort:abort)

.cinit     0    00000ce8    00000020     
                  00000ce8    0000000d     (.cinit..data.load) [load image, compression = lzss]
                  00000cf5    00000003     --HOLE-- [fill = 0]
                  00000cf8    00000008     (__TI_handler_table)
                  00000d00    00000008     (__TI_cinit_table)

.init_array 
*          0    00000000    00000000     UNINITIALIZED

.binit     0    00000000    00000000     

.data      0    20000000    0000001c     UNINITIALIZED
                  20000000    00000018     Clock.obj (.data)
                  20000018    00000004     system_msp432p401r.obj (.data)

.stack     0    2000fe00    00000200     UNINITIALIZED
                  2000fe00    00000004     rtsv7M4_T_le_v4SPD16_eabi.lib : boot_cortex_m.c.obj (.stack)
                  2000fe04    000001fc     --HOLE--

__llvm_prf_cnts 
*          0    20000000    00000000     UNINITIALIZED

MODULE SUMMARY

       Module                            code   ro data   rw data
       ------                            ----   -------   -------
    .\
       Part1_Interrupt_bumsw_motor.obj   868    0         0      
       system_msp432p401r.obj            820    0         8      
       startup_msp432p401r_ccs.obj       14     228       0      
    +--+---------------------------------+------+---------+---------+
       Total:                            1702   228       8      
                                                                 
    .\inc\
       Clock.obj                         480    0         48     
       motor.obj                         308    0         0      
       SysTick.obj                       148    0         0      
       CortexM.obj                       36     0         0      
    +--+---------------------------------+------+---------+---------+
       Total:                            972    0         48     
                                                                 
    C:\TI\ccs\tools\compiler\ti-cgt-arm_20.2.5.LTS\lib\rtsv7M4_T_le_v4SPD16_eabi.lib
       memcpy_t2.asm.obj                 156    0         0      
       copy_decompress_lzss.c.obj        104    0         0      
       autoinit.c.obj                    68     0         0      
       boot_cortex_m.c.obj               52     0         0      
       copy_decompress_none.c.obj        14     0         0      
       exit.c.obj                        4      0         0      
       pre_init.c.obj                    4      0         0      
    +--+---------------------------------+------+---------+---------+
       Total:                            402    0         0      
                                                                 
       Stack:                            0      0         1024   
       Linker Generated:                 0      29        0      
    +--+---------------------------------+------+---------+---------+
       Grand Total:                      3076   257       1080   


LINKER GENERATED COPY TABLES

__TI_cinit_table @ 00000d00 records: 1, size/record: 8, table size: 8
	.data: load addr=00000ce8, load size=0000000d bytes, run addr=20000000, run size=0000001c bytes, compression=lzss


LINKER GENERATED HANDLER TABLE

__TI_handler_table @ 00000cf8 records: 2, size/record: 4, table size: 8
	index: 0, handler: __TI_decompress_lzss
	index: 1, handler: __TI_decompress_none


GLOBAL SYMBOLS: SORTED ALPHABETICALLY BY Name 

address   name                          
-------   ----                          
00000cdf  ADC14_IRQHandler              
00000cdf  AES256_IRQHandler             
000000e5  BumpEdgeTrigger_Init          
00000243  Bump_Read_Input               
00000cdf  BusFault_Handler              
00000ce5  C$$EXIT                       
00000cdf  COMP_E0_IRQHandler            
00000cdf  COMP_E1_IRQHandler            
20000008  CPMwait                       
00000cdf  CS_IRQHandler                 
20000000  ClockFrequency                
000008d1  Clock_Delay1ms                
000008a7  Clock_Delay1us                
00000893  Clock_GetFreq                 
0000077d  Clock_Init48MHz               
20000014  Crystalstable                 
00000cdf  DMA_ERR_IRQHandler            
00000cdf  DMA_INT0_IRQHandler           
00000cdf  DMA_INT1_IRQHandler           
00000cdf  DMA_INT2_IRQHandler           
00000cdf  DMA_INT3_IRQHandler           
00000cdf  DebugMon_Handler              
00000cdf  Default_Handler               
00000ca1  DisableInterrupts             
00000cdf  EUSCIA0_IRQHandler            
00000cdf  EUSCIA1_IRQHandler            
00000cdf  EUSCIA2_IRQHandler            
00000cdf  EUSCIA3_IRQHandler            
00000cdf  EUSCIB0_IRQHandler            
00000cdf  EUSCIB1_IRQHandler            
00000cdf  EUSCIB2_IRQHandler            
00000cdf  EUSCIB3_IRQHandler            
00000ca7  EnableInterrupts              
00000cb7  EndCritical                   
00000cdf  FLCTL_IRQHandler              
00000cdf  FPU_IRQHandler                
00000cdf  HardFault_Handler             
20000010  IFlags                        
00000cdf  MemManage_Handler             
000009c7  Motor_BackwardSimple          
000009a3  Motor_ForwardSimple           
0000095d  Motor_InitSimple              
00000a35  Motor_LeftSimple              
00000a59  Motor_RightSimple             
00000983  Motor_StopSimple              
00000cdf  NMI_Handler                   
00000cdf  PCM_IRQHandler                
00000cdf  PORT1_IRQHandler              
00000cdf  PORT2_IRQHandler              
00000cdf  PORT3_IRQHandler              
0000014d  PORT4_IRQHandler              
0000014d  PORT4_IRQHandler              
00000cdf  PORT5_IRQHandler              
00000cdf  PORT6_IRQHandler              
00000cdf  PSS_IRQHandler                
00000cdf  PendSV_Handler                
0000028f  Port1_Init                    
000002af  Port2_Init                    
000002ed  Port2_Output                  
2000000c  Postwait                      
20000004  Prewait                       
00000cdf  RTC_C_IRQHandler              
00000cd3  Reset_Handler                 
00000cdf  SVC_Handler                   
00000cad  StartCritical                 
0000030b  Switch_Init                   
00000cdf  SysTick_Handler               
00000b2d  SysTick_Init                  
00000b3d  SysTick_Wait                  
00000b63  SysTick_Wait10ms              
00000b89  SysTick_Wait1us               
20000018  SystemCoreClock               
00000449  SystemCoreClockUpdate         
000006c1  SystemInit                    
00000cdf  T32_INT1_IRQHandler           
00000cdf  T32_INT2_IRQHandler           
00000cdf  T32_INTC_IRQHandler           
00000cdf  TA0_0_IRQHandler              
00000cdf  TA0_N_IRQHandler              
00000cdf  TA1_0_IRQHandler              
00000cdf  TA1_N_IRQHandler              
00000cdf  TA2_0_IRQHandler              
00000cdf  TA2_N_IRQHandler              
00000cdf  TA3_0_IRQHandler              
00000cdf  TA3_N_IRQHandler              
00000cdf  UsageFault_Handler            
4000480c  WDTCTL_SYM                    
00000cdf  WDT_A_IRQHandler              
00000cbf  WaitForInterrupt              
20010000  __STACK_END                   
00000200  __STACK_SIZE                  
00000d00  __TI_CINIT_Base               
00000d08  __TI_CINIT_Limit              
00000cf8  __TI_Handler_Table_Base       
00000d00  __TI_Handler_Table_Limit      
00000c29  __TI_auto_init_nobinit_nopinit
00000bc1  __TI_decompress_lzss          
00000cc5  __TI_decompress_none          
ffffffff  __TI_pprof_out_hndl           
ffffffff  __TI_prof_data_size           
ffffffff  __TI_prof_data_start          
00000000  __TI_static_base__            
00000a91  __aeabi_memcpy                
00000a91  __aeabi_memcpy4               
00000a91  __aeabi_memcpy8               
ffffffff  __binit__                     
ffffffff  __c_args__                    
UNDEFED   __mpu_init                    
2000fe00  __stack                       
20000000  __start___llvm_prf_cnts       
20000000  __stop___llvm_prf_cnts        
00000c6d  _c_int00_noargs               
UNDEFED   _system_post_cinit            
00000ce1  _system_pre_init              
00000ce5  abort                         
ffffffff  binit                         
0000024d  checkbumpswitch               
00000899  delay                         
00000000  interruptVectors              
0000033f  main                          
00000a91  memcpy                        


GLOBAL SYMBOLS: SORTED BY Symbol Address 

address   name                          
-------   ----                          
00000000  __TI_static_base__            
00000000  interruptVectors              
000000e5  BumpEdgeTrigger_Init          
0000014d  PORT4_IRQHandler              
0000014d  PORT4_IRQHandler              
00000200  __STACK_SIZE                  
00000243  Bump_Read_Input               
0000024d  checkbumpswitch               
0000028f  Port1_Init                    
000002af  Port2_Init                    
000002ed  Port2_Output                  
0000030b  Switch_Init                   
0000033f  main                          
00000449  SystemCoreClockUpdate         
000006c1  SystemInit                    
0000077d  Clock_Init48MHz               
00000893  Clock_GetFreq                 
00000899  delay                         
000008a7  Clock_Delay1us                
000008d1  Clock_Delay1ms                
0000095d  Motor_InitSimple              
00000983  Motor_StopSimple              
000009a3  Motor_ForwardSimple           
000009c7  Motor_BackwardSimple          
00000a35  Motor_LeftSimple              
00000a59  Motor_RightSimple             
00000a91  __aeabi_memcpy                
00000a91  __aeabi_memcpy4               
00000a91  __aeabi_memcpy8               
00000a91  memcpy                        
00000b2d  SysTick_Init                  
00000b3d  SysTick_Wait                  
00000b63  SysTick_Wait10ms              
00000b89  SysTick_Wait1us               
00000bc1  __TI_decompress_lzss          
00000c29  __TI_auto_init_nobinit_nopinit
00000c6d  _c_int00_noargs               
00000ca1  DisableInterrupts             
00000ca7  EnableInterrupts              
00000cad  StartCritical                 
00000cb7  EndCritical                   
00000cbf  WaitForInterrupt              
00000cc5  __TI_decompress_none          
00000cd3  Reset_Handler                 
00000cdf  ADC14_IRQHandler              
00000cdf  AES256_IRQHandler             
00000cdf  BusFault_Handler              
00000cdf  COMP_E0_IRQHandler            
00000cdf  COMP_E1_IRQHandler            
00000cdf  CS_IRQHandler                 
00000cdf  DMA_ERR_IRQHandler            
00000cdf  DMA_INT0_IRQHandler           
00000cdf  DMA_INT1_IRQHandler           
00000cdf  DMA_INT2_IRQHandler           
00000cdf  DMA_INT3_IRQHandler           
00000cdf  DebugMon_Handler              
00000cdf  Default_Handler               
00000cdf  EUSCIA0_IRQHandler            
00000cdf  EUSCIA1_IRQHandler            
00000cdf  EUSCIA2_IRQHandler            
00000cdf  EUSCIA3_IRQHandler            
00000cdf  EUSCIB0_IRQHandler            
00000cdf  EUSCIB1_IRQHandler            
00000cdf  EUSCIB2_IRQHandler            
00000cdf  EUSCIB3_IRQHandler            
00000cdf  FLCTL_IRQHandler              
00000cdf  FPU_IRQHandler                
00000cdf  HardFault_Handler             
00000cdf  MemManage_Handler             
00000cdf  NMI_Handler                   
00000cdf  PCM_IRQHandler                
00000cdf  PORT1_IRQHandler              
00000cdf  PORT2_IRQHandler              
00000cdf  PORT3_IRQHandler              
00000cdf  PORT5_IRQHandler              
00000cdf  PORT6_IRQHandler              
00000cdf  PSS_IRQHandler                
00000cdf  PendSV_Handler                
00000cdf  RTC_C_IRQHandler              
00000cdf  SVC_Handler                   
00000cdf  SysTick_Handler               
00000cdf  T32_INT1_IRQHandler           
00000cdf  T32_INT2_IRQHandler           
00000cdf  T32_INTC_IRQHandler           
00000cdf  TA0_0_IRQHandler              
00000cdf  TA0_N_IRQHandler              
00000cdf  TA1_0_IRQHandler              
00000cdf  TA1_N_IRQHandler              
00000cdf  TA2_0_IRQHandler              
00000cdf  TA2_N_IRQHandler              
00000cdf  TA3_0_IRQHandler              
00000cdf  TA3_N_IRQHandler              
00000cdf  UsageFault_Handler            
00000cdf  WDT_A_IRQHandler              
00000ce1  _system_pre_init              
00000ce5  C$$EXIT                       
00000ce5  abort                         
00000cf8  __TI_Handler_Table_Base       
00000d00  __TI_CINIT_Base               
00000d00  __TI_Handler_Table_Limit      
00000d08  __TI_CINIT_Limit              
20000000  ClockFrequency                
20000000  __start___llvm_prf_cnts       
20000000  __stop___llvm_prf_cnts        
20000004  Prewait                       
20000008  CPMwait                       
2000000c  Postwait                      
20000010  IFlags                        
20000014  Crystalstable                 
20000018  SystemCoreClock               
2000fe00  __stack                       
20010000  __STACK_END                   
4000480c  WDTCTL_SYM                    
ffffffff  __TI_pprof_out_hndl           
ffffffff  __TI_prof_data_size           
ffffffff  __TI_prof_data_start          
ffffffff  __binit__                     
ffffffff  __c_args__                    
ffffffff  binit                         
UNDEFED   __mpu_init                    
UNDEFED   _system_post_cinit            

[121 symbols]
